Command: /home/anant/.espressif/python_env/idf6.1_py3.10_env/bin/python /home/anant/esp/esp-idf/tools/idf_monitor.py -p /dev/ttyACM0 -b 115200 --toolchain-prefix xtensa-esp32s3-elf- --target esp32s3 --revision 0 /home/anant/gesture_controlled_arm/firmware/build/firmware.elf /home/anant/gesture_controlled_arm/firmware/build/bootloader/bootloader.elf -m '/home/anant/.espressif/python_env/idf6.1_py3.10_env/bin/python' '/home/anant/esp/esp-idf/tools/idf.py' '-p' '/dev/ttyACM0'
� segment 4: paddr=000375c0 vaddr=403757bc size=0b6f8h ( 46840) load�ESP-ROM:esp32s3-20210327
Build:Mar 27 2021
rst:0x1 (POWERON),boot:0x2a (SPI_FAST_FLASH_BOOT)
SPIWP:0xee
mode:DIO, clock div:1
load:0x3fce2820,len:0x1558
load:0x403c8700,len:0xda0
load:0x403cb700,len:0x2f84
entry 0x403c8908
[0;32mI (24) boot: ESP-IDF v6.1-dev-2028-g94c20b3ba7 2nd stage bootloader[0m
[0;32mI (25) boot: compile time Mar 20 2026 02:21:39[0m
[0;32mI (25) boot: Multicore bootloader[0m
[0;32mI (27) boot: chip revision: v0.2[0m
[0;32mI (29) boot: efuse block revision: v1.3[0m
[0;32mI (33) boot.esp32s3: Boot SPI Speed : 80MHz[0m
[0;32mI (37) boot.esp32s3: SPI Mode       : DIO[0m
[0;32mI (41) boot.esp32s3: SPI Flash Size : 2MB[0m
[0;32mI (44) boot: Enabling RNG early entropy source...[0m
[0;32mI (49) boot: Partition Table:[0m
[0;32mI (51) boot: ## Label            Usage          Type ST Offset   Length[0m
[0;32mI (58) boot:  0 nvs              WiFi data        01 02 00009000 00006000[0m
[0;32mI (64) boot:  1 phy_init         RF data          01 01 0000f000 00001000[0m
[0;32mI (71) boot:  2 factory          factory app      00 00 00010000 00100000[0m
[0;32mI (77) boot: End of partition table[0m
[0;32mI (81) esp_image: segment 0: paddr=00010020 vaddr=3c020020 size=0b7b8h ( 47032) map[0m
[0;32mI (96) esp_image: segment 1: paddr=0001b7e0 vaddr=3fc90f00 size=03074h ( 12404) load[0m
[0;32mI (99) esp_image: segment 2: paddr=0001e85c vaddr=40374000 size=017bch (  6076) load[0m
[0;32mI (104) esp_image: segment 3: paddr=00020020 vaddr=42000020 size=17598h ( 95640) map[0m
[0;32mI (128) esp_image: segment 4: paddr=000375c0 vaddr=403757bc size=0b6f8h ( 46840) load[0m
[0;32mI (138) esp_image: segment 5: paddr=00042cc0 vaddr=50000000 size=00024h (    36) load[0m
[0;32mI (144) boot: Loaded app from partition at offset 0x10000[0m
[0;32mI (144) boot: Disabling RNG early entropy source...[0m
[0;32mI (156) cpu_start: Multicore app[0m
[0;32mI (164) cpu_start: GPIO 44 and 43 are used as console UART I/O pins[0m
[0;32mI (165) cpu_start: Pro cpu start user code[0m
[0;32mI (165) cpu_start: cpu freq: 160000000 Hz[0m
[0;32mI (167) app_init: Application information:[0m
[0;32mI (170) app_init: Project name:     firmware[0m
[0;32mI (174) app_init: App version:      c54a7f3-dirty[0m
[0;32mI (179) app_init: Compile time:     Mar 20 2026 03:23:33[0m
[0;32mI (184) app_init: ELF file SHA256:  4a19a5098...[0m
[0;32mI (188) app_init: ESP-IDF:          v6.1-dev-2028-g94c20b3ba7[0m
[0;32mI (194) efuse_init: Min chip rev:     v0.0[0m
[0;32mI (197) efuse_init: Max chip rev:     v0.99 [0m
[0;32mI (201) efuse_init: Chip rev:         v0.2[0m
[0;32mI (205) heap_init: Initializing. RAM available for dynamic allocation:[0m
[0;32mI (212) heap_init: At 3FC94948 len 00054DC8 (339 KiB): RAM[0m
[0;32mI (217) heap_init: At 3FCE9710 len 00005724 (21 KiB): RAM[0m
[0;32mI (222) heap_init: At 3FCF0000 len 00008000 (32 KiB): DRAM[0m
[0;32mI (227) heap_init: At 600FE000 len 00001FE8 (7 KiB): RTCRAM[0m
[0;32mI (233) spi_flash: detected chip: boya[0m
[0;32mI (236) spi_flash: flash io: dio[0m
[0;33mW (239) spi_flash: Detected size(16384k) larger than the size in the binary image header(2048k). Using the size in the binary image header.[0m
[0;32mI (251) sleep_gpio: Configure to isolate all GPIO pins in sleep state[0m
[0;32mI (258) sleep_gpio: Enable automatic switching of GPIO sleep configuration[0m
[0;32mI (265) main_task: Started on CPU0[0m
[0;32mI (285) m